%!Adobe-FontList 1.23
%Locale:0x416

%BeginFont
Handler:DirectoryHandler
FontType:TrueType
FontName:GreekFreakRegular
FamilyName:Greek-Freak
StyleName:Regular
FullName:Greek-Freak
MenuName:Greek-Freak
StyleBits:0
WritingScript:Roman
OutlineFileName:C:\Users\SEGUNDO\Desktop\1SEMESTRE\PROGRAMAÇÃO\PROJETO2\Font\Greek-Freak.ttf
DataFormat:sfntData
hasSVG:no
VariableFontType:NonVariableFont
FileLength:12044
FileModTime:1688546801
WeightClass:400
WidthClass:5
AngleClass:0
NameArray:0,Mac,4,Greek-Freak
NameArray:0,Win,1,Greek-Freak
NameArray:0,Win,16,Greek-Freak
%EndFont

%BeginFont
Handler:DirectoryHandler
FontType:Invalid
OutlineFileName:C:\Users\SEGUNDO\Desktop\1SEMESTRE\PROGRAMAÇÃO\PROJETO2\Font\greek_freak.zip
FileModTime:1749578704
%EndFont

%BeginFont
Handler:DirectoryHandler
FontType:TrueType
FontName:GreekFreakRegular
FamilyName:Greek-Freak
StyleName:Regular
FullName:Greek-Freak
MenuName:Greek-Freak
StyleBits:0
WritingScript:Roman
OutlineFileName:C:\Users\SEGUNDO\Desktop\1SEMESTRE\PROGRAMAÇÃO\PROJETO2\Font\greek_freak\Greek-Freak.ttf
DataFormat:sfntData
hasSVG:no
VariableFontType:NonVariableFont
FileLength:12044
FileModTime:1688546801
WeightClass:400
WidthClass:5
AngleClass:0
NameArray:0,Mac,4,Greek-Freak
NameArray:0,Win,1,Greek-Freak
NameArray:0,Win,16,Greek-Freak
%EndFont

